서버 : repository(원격 저장소)
학원 : working directory : push(올리는것)
집:work directory        : pull(내려받는것)


집에서
1. git-scm.com window git설치 => editer >vscode as default

   git config --global user.name "박지현"
   git config --global user.email "sun6020@naver.com"
   git config --global color.ui true


2. vsc 실행, 작업폴더 추가 -> 터미널에서 열기 -> git init
3. git remote add onemile http://  원격저장소 주소
   git pull onemile master      : 내려받는 것
   git status                   : 상태확인      
   git add onemile "index.html" : 파일을 추적하는 것
   git log                      : 그동안 작업한것 확인 하는 것
   git commit -m "문장작성~~~"  : 어떠한 작업을 했다고 내용 입력하는것
   git push -u onemile master   : 저장소에 올리는 것

4. git pull: 변경사항 통합
       fech : 변경사항 통합 안함


Microsoft Windows [Version 6.1.7601]
Copyright (c) 2009 Microsoft Corporation. All rights reserved.

D:\박지현\html5\onemile>git init
Initialized empty Git repository in D:/박지현/html5/onemile/.git/

D:\박지현\html5\onemile>git status
On branch master

No commits yet

Untracked files:
  (use "git add <file>..." to include in what will be committed)
        css/
        images/
        index.html
        one-mile-source.zip

nothing added to commit but untracked files present (use "git add" to track)

D:\박지현\html5\onemile>dir/a
 D 드라이브의 볼륨: 학생용
 볼륨 일련 번호: 8C6E-0BA4

 D:\박지현\html5\onemile 디렉터리

2020-01-15  오후 01:37    <DIR>          .
2020-01-15  오후 01:37    <DIR>          ..
2020-01-15  오후 01:38    <DIR>          .git
2020-01-15  오후 01:15    <DIR>          css
2020-01-15  오후 01:13    <DIR>          images
2020-01-15  오후 01:15                 0 index.html
2020-01-15  오후 01:11           408,646 one-mile-source.zip
               2개 파일             408,646 바이트
               5개 디렉터리  105,235,210,240 바이트 남음

D:\박지현\html5\onemile>dir
 D 드라이브의 볼륨: 학생용
 볼륨 일련 번호: 8C6E-0BA4

 D:\박지현\html5\onemile 디렉터리

2020-01-15  오후 01:37    <DIR>          .
2020-01-15  오후 01:37    <DIR>          ..
2020-01-15  오후 01:15    <DIR>          css
2020-01-15  오후 01:13    <DIR>          images
2020-01-15  오후 01:15                 0 index.html
2020-01-15  오후 01:11           408,646 one-mile-source.zip
               2개 파일             408,646 바이트
               4개 디렉터리  105,235,210,240 바이트 남음

D:\박지현\html5\onemile>git status
On branch master

No commits yet

Untracked files:
  (use "git add <file>..." to include in what will be committed)
        css/
        images/
        index.html
        one-mile-source.zip

nothing added to commit but untracked files present (use "git add" to track)

D:\박지현\html5\onemile>git add index.html

D:\박지현\html5\onemile>git status
On branch master

No commits yet

Changes to be committed:
  (use "git rm --cached <file>..." to unstage)
        new file:   index.html

Untracked files:
  (use "git add <file>..." to include in what will be committed)
        css/
        images/
        one-mile-source.zip


D:\박지현\html5\onemile>git diff
diff --git a/index.html b/index.html
index e69de29..098ac7a 100644
--- a/index.html
+++ b/index.html
@@ -0,0 +1,16 @@
+<!DOCTYPE html>
+<html lang="en">
+<head>
+    <meta charset="UTF-8">
+    <meta name="viewport" content="width=device-width, initial-scale=1.0">
+    <meta http-equiv="X-UA-Compatible" content="ie=edge">
+    <title>원마일</title>
+</head>
+<body>
+    <h1 class="notext"> 원마일</h1>
+    <div id="header"></div>
+    <div id="special"></div>
+    <div id="aside"></div>
+    <div id="footer"></div>
+</body>
+</html>
\ No newline at end of file

D:\박지현\html5\onemile>git commit -m "add index.html"

*** Please tell me who you are.

Run

  git config --global user.email "you@example.com"
  git config --global user.name "Your Name"

to set your account's default identity.
Omit --global to set the identity only in this repository.

fatal: unable to auto-detect email address (got 'user@303-14.(none)')

D:\박지현\html5\onemile>git log
fatal: your current branch 'master' does not have any commits yet

D:\박지현\html5\onemile>git status
On branch master

No commits yet

Changes to be committed:
  (use "git rm --cached <file>..." to unstage)
        new file:   index.html

Changes not staged for commit:
  (use "git add <file>..." to update what will be committed)
  (use "git restore <file>..." to discard changes in working directory)
        modified:   index.html

Untracked files:
  (use "git add <file>..." to include in what will be committed)
        css/
        images/
        one-mile-source.zip


D:\박지현\html5\onemile>git config --global user.name "박지현"

D:\박지현\html5\onemile>git config --global user.email "sun6020@naver.com"

D:\박지현\html5\onemile>git config --global color.ui true

D:\박지현\html5\onemile>git commit -m "add index.html"
[master (root-commit) dac93dc] add index.html
 1 file changed, 0 insertions(+), 0 deletions(-)
 create mode 100644 index.html

D:\박지현\html5\onemile>git status
On branch master
Changes not staged for commit:
  (use "git add <file>..." to update what will be committed)
  (use "git restore <file>..." to discard changes in working directory)
        modified:   index.html

Untracked files:
  (use "git add <file>..." to include in what will be committed)
        css/
        images/
        one-mile-source.zip

no changes added to commit (use "git add" and/or "git commit -a")

D:\박지현\html5\onemile>git remote add onemile https://github.com/bakjihyeon/onemile.git

D:\박지현\html5\onemile>git push -u onemile master
To https://github.com/bakjihyeon/onemile.git
 ! [rejected]        master -> master (fetch first)
error: failed to push some refs to 'https://github.com/bakjihyeon/onemile.git'
hint: Updates were rejected because the remote contains work that you do
hint: not have locally. This is usually caused by another repository pushing
hint: to the same ref. You may want to first integrate the remote changes
hint: (e.g., 'git pull ...') before pushing again.
hint: See the 'Note about fast-forwards' in 'git push --help' for details.

D:\박지현\html5\onemile>git push -u onemile master
To https://github.com/bakjihyeon/onemile.git
 ! [rejected]        master -> master (fetch first)
error: failed to push some refs to 'https://github.com/bakjihyeon/onemile.git'
hint: Updates were rejected because the remote contains work that you do
hint: not have locally. This is usually caused by another repository pushing
hint: to the same ref. You may want to first integrate the remote changes
hint: (e.g., 'git pull ...') before pushing again.
hint: See the 'Note about fast-forwards' in 'git push --help' for details.

D:\박지현\html5\onemile>git remote add onemile https://github.com/bakjihyeon/onemile.git
fatal: remote onemile already exists.

D:\박지현\html5\onemile>git push -u onemile master
To https://github.com/bakjihyeon/onemile.git
 ! [rejected]        master -> master (fetch first)
error: failed to push some refs to 'https://github.com/bakjihyeon/onemile.git'
hint: Updates were rejected because the remote contains work that you do
hint: not have locally. This is usually caused by another repository pushing
hint: to the same ref. You may want to first integrate the remote changes
hint: (e.g., 'git pull ...') before pushing again.
hint: See the 'Note about fast-forwards' in 'git push --help' for details.

D:\박지현\html5\onemile>git pull onemile master
warning: no common commits
remote: Enumerating objects: 3, done.
remote: Counting objects: 100% (3/3), done.
remote: Total 3 (delta 0), reused 0 (delta 0), pack-reused 0
Unpacking objects: 100% (3/3), 626 bytes | 9.00 KiB/s, done.
From https://github.com/bakjihyeon/onemile
 * branch            master     -> FETCH_HEAD
 * [new branch]      master     -> onemile/master
fatal: refusing to merge unrelated histories

D:\박지현\html5\onemile>git remote
onemile

D:\박지현\html5\onemile>git pull onemile master
From https://github.com/bakjihyeon/onemile
 * branch            master     -> FETCH_HEAD
fatal: refusing to merge unrelated histories

D:\박지현\html5\onemile>git pull -u onemile master
error: unknown switch `u'
usage: git pull [<options>] [<repository> [<refspec>...]]

    -v, --verbose         be more verbose
    -q, --quiet           be more quiet
    --progress            force progress reporting
    --recurse-submodules[=<on-demand>]
                          control for recursive fetching of submodules

Options related to merging
    -r, --rebase[=(false|true|merges|preserve|interactive)]
                          incorporate changes by rebasing rather than merging
    -n                    do not show a diffstat at the end of the merge
    --stat                show a diffstat at the end of the merge
    --log[=<n>]           add (at most <n>) entries from shortlog to merge commit message
    --signoff[=...]       add Signed-off-by:
    --squash              create a single commit instead of doing a merge
    --commit              perform a commit if the merge succeeds (default)
    --edit                edit message before committing
    --cleanup <mode>      how to strip spaces and #comments from message
    --ff                  allow fast-forward
    --ff-only             abort if fast-forward is not possible
    --verify-signatures   verify that the named commit has a valid GPG signature
    --autostash           automatically stash/stash pop before and after rebase
    -s, --strategy <strategy>
                          merge strategy to use
    -X, --strategy-option <option=value>
                          option for selected merge strategy
    -S, --gpg-sign[=<key-id>]
                          GPG sign commit
    --allow-unrelated-histories
                          allow merging unrelated histories

Options related to fetching
    --all                 fetch from all remotes
    -a, --append          append to .git/FETCH_HEAD instead of overwriting
    --upload-pack <path>  path to upload pack on remote end
    -f, --force           force overwrite of local branch
    -t, --tags            fetch all tags and associated objects
    -p, --prune           prune remote-tracking branches no longer on remote
    -j, --jobs[=<n>]      number of submodules pulled in parallel
    --dry-run             dry run
    -k, --keep            keep downloaded pack
    --depth <depth>       deepen history of shallow clone
    --unshallow           convert to a complete repository
    --update-shallow      accept refs that update .git/shallow
    --refmap <refmap>     specify fetch refmap
    -4, --ipv4            use IPv4 addresses only
    -6, --ipv6            use IPv6 addresses only
    --show-forced-updates
                          check for forced-updates on all updated branches
    --set-upstream        set upstream for git pull/fetch


D:\박지현\html5\onemile>git push -u onemile master
To https://github.com/bakjihyeon/onemile.git
 ! [rejected]        master -> master (non-fast-forward)
error: failed to push some refs to 'https://github.com/bakjihyeon/onemile.git'
hint: Updates were rejected because the tip of your current branch is behind
hint: its remote counterpart. Integrate the remote changes (e.g.
hint: 'git pull ...') before pushing again.
hint: See the 'Note about fast-forwards' in 'git push --help' for details.

D:\박지현\html5\onemile>git push -u onemile +master
Enumerating objects: 3, done.
Counting objects: 100% (3/3), done.
Writing objects: 100% (3/3), 225 bytes | 225.00 KiB/s, done.
Total 3 (delta 0), reused 0 (delta 0)
To https://github.com/bakjihyeon/onemile.git
 + d5024f7...dac93dc master -> master (forced update)
Branch 'master' set up to track remote branch 'master' from 'onemile'.

D:\박지현\html5\onemile>git push -u onemile +master